id	address
1	Szegfű u. 12.
2	Alma u. 18.
3	Harmat u. 34.
4	Cserép u. 7.
